// Jest Snapshot v1, https://jestjs.io/docs/snapshot-testing

exports[`HomePageHero correspond au snapshot 1`] = `null`;
