// Jest Snapshot v1, https://jestjs.io/docs/snapshot-testing

exports[`StephaneHero correspond au snapshot 1`] = `null`;
