// Jest Snapshot v1, https://jestjs.io/docs/snapshot-testing

exports[`BeneficeSeo correspond au snapshot 1`] = `null`;
