// Jest Snapshot v1, https://jestjs.io/docs/snapshot-testing

exports[`BeneficeWeb correspond au snapshot 1`] = `
<div>
  <section
    class="max-w-5xl mx-auto text-center"
  >
    <h2
      class="text-3xl font-title font-semibold mb-8"
    >
      Les bénéfices d’un site bien conçu
    </h2>
    <div
      class="grid gap-8 md:grid-cols-3 text-left"
    >
      <div
        class="bg-[#f9f9f9] p-6 rounded-2xl shadow"
        initial="[object Object]"
        transition="[object Object]"
        whileinview="[object Object]"
      >
        <h3
          class="text-xl font-semibold mb-2"
        >
          Rapide
        </h3>
        <p
          class="text-sm text-gray-600"
        >
          Chargement éclair pour vos visiteurs.
        </p>
      </div>
      <div
        class="bg-[#f9f9f9] p-6 rounded-2xl shadow"
        initial="[object Object]"
        transition="[object Object]"
        whileinview="[object Object]"
      >
        <h3
          class="text-xl font-semibold mb-2"
        >
          Optimisé
        </h3>
        <p
          class="text-sm text-gray-600"
        >
          Structure SEO-friendly dès le départ.
        </p>
      </div>
    </div>
  </section>
</div>
`;
