// Jest Snapshot v1, https://jestjs.io/docs/snapshot-testing

exports[`Gallery correspond au snapshot 1`] = `
<DocumentFragment>
  <section
    class="py-10 my-8"
  >
    <div
      class="mx-auto max-w-6xl px-6 grid grid-cols-1 sm:grid-cols-2 lg:grid-cols-3 gap-6"
    >
      <div
        class="overflow-hidden rounded-2xl "
      >
        <img
          alt="Site web créé à propos de l’IA"
          class="w-full h-auto object-cover"
          height="235"
          loading="lazy"
          src="/mock/IC.webp"
          width="400"
        />
      </div>
      <div
        class="overflow-hidden rounded-2xl"
      >
        <img
          alt="Site e-commerce de bien-être"
          class="w-full h-auto object-cover"
          height="235"
          loading="lazy"
          src="/mock/IC.webp"
          width="400"
        />
      </div>
      <div
        class="overflow-hidden rounded-2xl"
      >
        <img
          alt="Site internet de recettes culinaires"
          class="w-full h-auto object-cover"
          height="235"
          loading="lazy"
          src="/mock/IC.webp"
          width="400"
        />
      </div>
    </div>
  </section>
</DocumentFragment>
`;
